C51 COMPILER V9.01   MAIN                                                                  08/03/2019 23:59:23 PAGE 1   


C51 COMPILER V9.01, COMPILATION OF MODULE MAIN
OBJECT MODULE PLACED IN main.OBJ
COMPILER INVOKED BY: C:\Keil\C51\BIN\C51.EXE main.c BROWSE DEBUG OBJECTEXTEND

line level    source

   1          #include <reg52.h>
   2          #include <digitron_drv.h>
   3          
   4          sbit DQ = P1^4;
   5          
   6          /*Time delay, expected time should be t*4us*/
   7          void delay4us(unsigned char t){
   8   1              while(t--);
   9   1      }
  10          
  11          /*write 8 byte data to ROM*/
  12          void writeByte(unsigned char cmd){
  13   1              unsigned char i;
  14   1      
  15   1              for (i=0;i<8;i++){
  16   2                      if (cmd & 0x01){
  17   3                              // if the bit 0 is high, generate high signal
  18   3                              // to generate 1 time slot, pull down bus, and release in 15us，
  19   3                              // all write time slot must be a minimum 60us duration 
  20   3                              DQ = 0;
  21   3                              DQ = 1;
  22   3                              delay4us(30);
  23   3                      }else{
  24   3                              // to generate 0 time slot, pull down bus and hold at least 60us
  25   3                              /*hold low for more than 480us will cause all components on bus reset*/
  26   3                              DQ = 0;
  27   3                              delay4us(30);
  28   3                              DQ = 1; 
  29   3                      }
  30   2                      cmd >>= 1;
  31   2              }       
  32   1      }
  33          
  34          unsigned char readByte(void){
  35   1              unsigned char dat;
  36   1              // all read time slots must be a mininum of 60us in duration with a minimum of 1us recovery time between 
             -slots
  37   1              unsigned char i;
  38   1              for (i=0;i<8;i++){
  39   2                      // DS18b20 transmit 1 by leave bus to high, and 0 by pull down bus to low till the time slot end.
  40   2                      dat >>= 1;
  41   2                      DQ = 0; // bus low as initiates
  42   2                      DQ = 1; // reset port and wait for receive
  43   2                      // data from 18b20 valid for 15us after master's read signal, which mean, *master should finish sample i
             -n 15us!*
  44   2                      if (DQ){
  45   3                              // if DQ is high, give a 1 to dat
  46   3                              dat |= 0x80;
  47   3                      }
  48   2                      delay4us(30);
  49   2              }
  50   1              return dat;
  51   1      }
  52          
  53          void init(void){
C51 COMPILER V9.01   MAIN                                                                  08/03/2019 23:59:23 PAGE 2   

  54   1              // master send a pull down to bus, bus low minimus time is 480 us.
  55   1              DQ = 0;
  56   1              delay4us(130);
  57   1              // then master release bus and wait for slave fead back
  58   1              DQ = 1; 
  59   1              // after bus released, 18b20 wait 15-60us and give a low signal, 
  60   1              delay4us(40);
  61   1              // this signal will last about 60-240us, then device release bus
  62   1          /* For this practice, ew just think this device would be work, so just delay time and let it go*/
  63   1              delay4us(100);
  64   1      }
  65          
  66          void delay1s(){
  67   1              unsigned short int i,j;
  68   1              for (i=0;i<500;i++)
  69   1                      for(j=0;j<200;j++);
  70   1      }
  71          
  72          void main(void){
  73   1      
  74   1              unsigned char step;
  75   1              unsigned int tmp;
  76   1              unsigned char digBuf[3];
  77   1              unsigned int cnt;
  78   1              
  79   1                 
  80   1              while(1){
  81   2      
  82   2                      switch(step){
  83   3                              case 0:
  84   3                                      init();
  85   3      
  86   3                                      // give a sign to start convert
  87   3                                      // give a time delay to wait for time conversion, it should be about 1s 
  88   3                                      writeByte(0xcc); // skip rom command
  89   3                                      writeByte(0x44);
  90   3                                      step = 1;
  91   3                                      break;
  92   3                              case 1: // wait for tmp trasfer
  93   3                                      // 1s delay to temp convertion
  94   3                                      if(cnt++>2000){
  95   4                                              step = 2;
  96   4                                              cnt = 0;
  97   4                                      }
  98   3      
  99   3                                      break;
 100   3                              case 2:
 101   3                                      init();
 102   3                                      delay4us(1);
 103   3                                      writeByte(0xcc);
 104   3                                      writeByte(0xbe);
 105   3                      
 106   3                                      tmp = readByte();
 107   3                                      tmp |= readByte()<<8;
 108   3                      
 109   3                                      tmp = tmp*0.625;
 110   3                      
 111   3                                      //tmp = tmp*50/8; when put *5*10 together, number is too large
 112   3                                      
 113   3                                      digBuf[0] = tmp/100;
 114   3                                      tmp = tmp%100;
 115   3                                      digBuf[1] = tmp/10;
C51 COMPILER V9.01   MAIN                                                                  08/03/2019 23:59:23 PAGE 3   

 116   3                                      digBuf[2] = tmp%10;      
 117   3                                      step = 0;
 118   3                                      break;
 119   3                              default:
 120   3                                      break;
 121   3      
 122   3                      } 
 123   2      
 124   2                      DigShowNumber(1, digBuf[2], FALSE);
 125   2                      DigShowNumber(2, digBuf[1], TRUE);
 126   2                      DigShowNumber(3, digBuf[0], FALSE);
 127   2              }         
 128   1      }                                                                               


MODULE INFORMATION:   STATIC OVERLAYABLE
   CODE SIZE        =    322    ----
   CONSTANT SIZE    =   ----    ----
   XDATA SIZE       =   ----    ----
   PDATA SIZE       =   ----    ----
   DATA SIZE        =   ----       6
   IDATA SIZE       =   ----    ----
   BIT SIZE         =   ----    ----
END OF MODULE INFORMATION.


C51 COMPILATION COMPLETE.  0 WARNING(S),  0 ERROR(S)
