C51 COMPILER V9.01   IIC_DRV                                                               07/29/2019 00:54:16 PAGE 1   


C51 COMPILER V9.01, COMPILATION OF MODULE IIC_DRV
OBJECT MODULE PLACED IN IIC_drv.OBJ
COMPILER INVOKED BY: C:\Keil\C51\BIN\C51.EXE IIC_drv.c BROWSE DEBUG OBJECTEXTEND

line level    source

   1          /*=======================================================
   2          <<<<<<<<<<<<<<<<<<< Collect By Jack >>>>>>>>>>>>>>>>>>>>
   3          ---------------------------------------------------------
   4          ---------------------------------------------------------
   5                         All right reserved.2019.07
   6          ---------------------------------------------------------
   7           file name: IIC_drv.c
   8           desc: driver of IIC protocal
   9           author: ?
  10          =========================================================
  11          ----------------------------------------------------------------------------------------------------------
             --*/
  12          #include "IIC_drv.h"
  13          
  14          /**********************************************
  15          desc:
  16              start communication
  17          params:
  18              none
  19          return:
  20              void
  21          **********************************************/
  22          static void Start(void)
  23          {
  24   1              Sda = 1;
  25   1              Scl = 1;
  26   1              Sda = 0;
  27   1      }
  28          
  29          /**********************************************
  30          desc:
  31              stop communication
  32          params:
  33              none
  34          return:
  35              void
  36          **********************************************/
  37          static void Stop(void)
  38          {
  39   1              Sda = 0;
  40   1              Scl = 1;
  41   1              Sda = 1;
  42   1      }
  43          
  44          /**********************************************
  45          desc:
  46              check if response feed back from device, when the scl hold on high,
  47                  the slave receiver should pull sda to low as acknowledge.
  48          params:
  49                  none
  50          return:
  51                  if response give back
  52                  1 for yes and 0 for no
  53          **********************************************/
  54          static unsigned char Respons(void)
C51 COMPILER V9.01   IIC_DRV                                                               07/29/2019 00:54:16 PAGE 2   

  55          {
  56   1              unsigned char OverTime = 0;  
  57   1              unsigned char TempFlag = 0;
  58   1              OverTime = 0;
  59   1          Sda = 1;     
  60   1          Scl = 1;
  61   1              while(1)
  62   1              {
  63   2                      if(Sda) 
  64   2                      {
  65   3                              if(OverTime++ > 200)
  66   3                              {
  67   4                                 TempFlag = 0; 
  68   4                                 break;
  69   4                              }
  70   3                      }
  71   2                      else
  72   2                      {
  73   3                          TempFlag = 1;   
  74   3                              break;
  75   3                      }
  76   2              }
  77   1              Scl = 0;
  78   1              return TempFlag;
  79   1      }
  80          
  81          /**********************************************
  82          desc:
  83              no acknowledge
  84          params:
  85              none
  86          return:
  87                  void
  88          **********************************************/
  89          static void NoRespons(void)
  90          {
  91   1          Sda = 1;
  92   1          Scl = 1;
  93   1              Scl = 0;
  94   1      }
  95          
  96          /**********************************************
  97          desc:
  98              write byte to device
  99          params:
 100              temp: data to write
 101          return:
 102              void
 103          **********************************************/
 104          static void WriteByte(unsigned char temp)
 105          {
 106   1              unsigned char i;
 107   1              Scl = 0;
 108   1              for(i = 0;i < 8;i++)
 109   1              {
 110   2                      Sda = temp & 0x80;
 111   2                      temp <<= 1;
 112   2                      Scl = 1;
 113   2                      Scl = 0;
 114   2              }
 115   1      }
 116          
C51 COMPILER V9.01   IIC_DRV                                                               07/29/2019 00:54:16 PAGE 3   

 117          /**********************************************
 118          desc:
 119              read byte
 120          params:
 121                  none
 122          return:
 123              the readed byte value
 124          **********************************************/
 125          static unsigned char ReadByte(void)
 126          {
 127   1              unsigned char i;
 128   1              unsigned char ret = 0;
 129   1              for(i = 0;i < 8;i++)
 130   1              {
 131   2                      Scl = 1;
 132   2                      ret <<= 1;
 133   2                      ret |= (unsigned char)Sda;
 134   2                      Scl = 0;        
 135   2              }
 136   1              return ret;
 137   1      }
 138          
 139          /**********************************************
 140          desc:
 141              write data to device
 142          params:
 143              device:             device address
 144              parameter: address to write data
 145              temp:     data to write
 146          return:
 147              void
 148          **********************************************/
 149          void WriteIIC(unsigned char device,unsigned char parameter,unsigned char temp)
 150          {
 151   1              Start();
 152   1              WriteByte(device);
 153   1              if(Respons())
 154   1              {
 155   2                      WriteByte(parameter);
 156   2                      if(Respons())
 157   2                      {
 158   3                              WriteByte(temp);
 159   3                              if(Respons())
 160   3                              {
 161   4                                      Stop();
 162   4                              }
 163   3                              else
 164   3                              {
 165   4                                      Stop();
 166   4                              }
 167   3                      }
 168   2                      else
 169   2                      {
 170   3                              Stop();
 171   3                      }
 172   2              }
 173   1              else
 174   1              {
 175   2                      Stop();
 176   2              }
 177   1      }
 178          
C51 COMPILER V9.01   IIC_DRV                                                               07/29/2019 00:54:16 PAGE 4   

 179          /**********************************************
 180          desc:
 181              read data from chip
 182          params:£º
 183              device:   device address
 184              parameter:  data address
 185          return:
 186              the readed byte value
 187          **********************************************/
 188          unsigned char ReadIIC(unsigned char device,unsigned char parameter)
 189          {
 190   1              unsigned char ret;
 191   1              Start();
 192   1              WriteByte(device);
 193   1              if(Respons())
 194   1              {
 195   2                      WriteByte(parameter);
 196   2                      if(Respons())
 197   2                      {
 198   3                              Start();
 199   3                              WriteByte(device | 0x01);
 200   3                              if(Respons())
 201   3                              {
 202   4                                      ret = ReadByte();
 203   4                                      NoRespons();
 204   4                                      Stop();
 205   4                              }
 206   3                              else
 207   3                              {
 208   4                                      Stop();
 209   4                              }
 210   3                      }
 211   2                      else
 212   2                      {
 213   3                              Stop();
 214   3                      }
 215   2              }
 216   1              else
 217   1              {
 218   2                      Stop();
 219   2              }
 220   1              return ret;
 221   1      }
 222          
 223                  
 224          


MODULE INFORMATION:   STATIC OVERLAYABLE
   CODE SIZE        =    197    ----
   CONSTANT SIZE    =   ----    ----
   XDATA SIZE       =   ----    ----
   PDATA SIZE       =   ----    ----
   DATA SIZE        =   ----    ----
   IDATA SIZE       =   ----    ----
   BIT SIZE         =   ----    ----
END OF MODULE INFORMATION.


C51 COMPILATION COMPLETE.  0 WARNING(S),  0 ERROR(S)
