C51 COMPILER V9.01   MAIN                                                                  07/29/2019 00:54:16 PAGE 1   


C51 COMPILER V9.01, COMPILATION OF MODULE MAIN
OBJECT MODULE PLACED IN main.OBJ
COMPILER INVOKED BY: C:\Keil\C51\BIN\C51.EXE main.c BROWSE DEBUG OBJECTEXTEND

line level    source

   1          #include <reg52.h>
   2          #include "IIC_drv.h"
   3          
   4          /**
   5          * cause for MCU, it is unable to out put voltage like 1.3 or 2.8, os we need 
   6          * AD/DA chip to help us to finish such kind of function.
   7          */
   8          void main(void){
   9   1              // void WriteIIC(unsigned char device,unsigned char address,unsigned char temp);
  10   1              unsigned char state;
  11   1              unsigned char input = 0x00;
  12   1              unsigned short i = 0;
  13   1      
  14   1              while(1){
  15   2                      i++;
  16   2                      if (i>700){
  17   3                              i=0;
  18   3                              if(input == 0){
  19   4                                      state = 0;
  20   4                              }
  21   3      
  22   3                              if (input == 255){
  23   4                                      state = 1;
  24   4                              }
  25   3      
  26   3                              if(state == 0){
  27   4                                      WriteIIC(0x90, 0x40, input++);
  28   4                              }
  29   3                              else{
  30   4                                      WriteIIC(0x90, 0x40, input--);
  31   4                              }
  32   3                      }
  33   2              }
  34   1      }


MODULE INFORMATION:   STATIC OVERLAYABLE
   CODE SIZE        =     73    ----
   CONSTANT SIZE    =   ----    ----
   XDATA SIZE       =   ----    ----
   PDATA SIZE       =   ----    ----
   DATA SIZE        =   ----       4
   IDATA SIZE       =   ----    ----
   BIT SIZE         =   ----    ----
END OF MODULE INFORMATION.


C51 COMPILATION COMPLETE.  0 WARNING(S),  0 ERROR(S)
