C51 COMPILER V9.01   MAIN                                                                  07/30/2019 23:53:16 PAGE 1   


C51 COMPILER V9.01, COMPILATION OF MODULE MAIN
OBJECT MODULE PLACED IN main.OBJ
COMPILER INVOKED BY: C:\Keil\C51\BIN\C51.EXE main.c BROWSE DEBUG OBJECTEXTEND

line level    source

   1          #include <reg52.h>
   2          
   3          int count;
   4          sbit led = P1^3;
   5          sbit led1 = P1^1;
   6          sbit led0 = P1^0;
   7          sbit rf = P3^2;
   8          
   9          void INT0Config(void)
  10          {
  11   1          /*配置外部中断0下降沿触发*/
  12   1          IT0 = 1;
  13   1         /*中断使能，允许中断发生*/
  14   1          EX0 = 1;
  15   1          /*优先级默认，不配置*/
  16   1      
  17   1          /*开总中断*/
  18   1          EA = 1;
  19   1      }
  20          
  21          void delay(){
  22   1              unsigned short i,j;
  23   1              for(i=0;i<500;i++)
  24   1                      for(j=0;j<100;j++);
  25   1      }
  26          
  27          void INT0ISR() interrupt 0
  28          {
  29   1              led1 = 0;
  30   1               delay();
  31   1               delay();
  32   1               delay();
  33   1               delay();
  34   1               delay();
  35   1               delay();
  36   1               led1 = 1;
  37   1      }
  38          
  39          /*定时器T0配置*/
  40          void Timer0Config(void)
  41          {
  42   1          /*选择8位自动重装*/
  43   1          TMOD = 0x02;
  44   1          /*配置基准时间0.25ms*/
  45   1          TH0 = 0x1A;
  46   1          TL0 = 0x1A;
  47   1          /*启动定时器*/
  48   1          TR0 = 1;
  49   1          /*开定时器中断*/
  50   1          ET0 = 1;
  51   1      
  52   1              EA = 1; // enable interrupt
  53   1      }
  54          /*定时器T0中断响应函数*/
  55          void Timer0ISR() interrupt 1
C51 COMPILER V9.01   MAIN                                                                  07/30/2019 23:53:16 PAGE 2   

  56          {
  57   1          count ++;
  58   1              if(count >= 4000){
  59   2                      count = 0;
  60   2                      led = ~led;
  61   2              }
  62   1      }
  63          
  64          void main(void){
  65   1      //      INT0Config();
  66   1      //      Timer0Config();
  67   1      //      while(1){
  68   1      //      led0 = ~led0;
  69   1      //               delay();       
  70   1      //      }
  71   1              
  72   1              while(1){
  73   2                      led = rf;
  74   2              }
  75   1      
  76   1      }


MODULE INFORMATION:   STATIC OVERLAYABLE
   CODE SIZE        =    138    ----
   CONSTANT SIZE    =   ----    ----
   XDATA SIZE       =   ----    ----
   PDATA SIZE       =   ----    ----
   DATA SIZE        =      2    ----
   IDATA SIZE       =   ----    ----
   BIT SIZE         =   ----    ----
END OF MODULE INFORMATION.


C51 COMPILATION COMPLETE.  0 WARNING(S),  0 ERROR(S)
