C51 COMPILER V9.54   I2C                                                                   08/08/2022 01:57:17 PAGE 1   


C51 COMPILER V9.54, COMPILATION OF MODULE I2C
OBJECT MODULE PLACED IN .\Objects\I2C.obj
COMPILER INVOKED BY: C:\Keil5\C51\BIN\C51.EXE I2C.c OPTIMIZE(8,SPEED) BROWSE DEBUG OBJECTEXTEND PRINT(.\Listings\I2C.lst
                    -) TABS(2) OBJECT(.\Objects\I2C.obj)

line level    source

   1          #include <REGX52.H>
   2          
   3          sbit I2C_SCL=P2^1;
   4          sbit I2C_SDA=P2^0;
   5          
   6          /**
   7            * @brief 在SCL位高电平的时候，SDA由高变低，开始通信
   8            * @param 无
   9            * @retval 无
  10            */
  11          void I2C_Start()
  12          {
  13   1        I2C_SDA=1; // 拉高SDA，前提准备，不然如果原来就是0，直接拉低没用
  14   1        I2C_SCL=1;
  15   1        
  16   1        I2C_SDA=0;  // SDA由高变低，开始通信
  17   1        I2C_SCL=0;  // 开始通信后，SCL也拉低，完成准备工作
  18   1      }
  19          
  20          /**
  21            * @brief 在SCL位高电平的时候，SDA由低变高，结束通信
  22            * @param 无
  23            * @retval 无
  24            */
  25          void I2C_Stop()
  26          {
  27   1        I2C_SDA=0; // 拉低SDA做准备
  28   1        I2C_SCL=1;
  29   1        
  30   1        I2C_SDA=1;
  31   1      }
  32          
  33          /**
  34            * @brief 发送给从机数据之后，读取从机应答
  35            * @param 无
  36            * @retval 从机应答
  37            */
  38          unsigned char I2C_ReceiveAck()
  39          {
  40   1        unsigned char Data=0x00;
  41   1        I2C_SDA=1;  // 释放数据线，等待应答
  42   1        I2C_SCL=1;  // 按协议，拉高SCL之后，数据不再变化
  43   1        Data=I2C_SDA;
  44   1        I2C_SCL=0;
  45   1        return Data;
  46   1      }
  47          
  48          /**
  49            * @brief 接收完从机数据后，给从机发送反馈
  50            * @param AckBit 应答位，0应答，1非应答
  51            * @retval 无
  52            */
  53          void I2C_SendAck(unsigned char AckBit)
  54          {
C51 COMPILER V9.54   I2C                                                                   08/08/2022 01:57:17 PAGE 2   

  55   1        I2C_SDA=AckBit;
  56   1        I2C_SCL=1;
  57   1        I2C_SCL=0;
  58   1      }
  59          
  60          /**
  61            * @brief 接收从机数据
  62            * @param 无
  63            * @retval 接收的数据
  64            */
  65          unsigned char I2C_ReceiveByte(void)
  66          {
  67   1        unsigned char Data=0x00,i;
  68   1        I2C_SDA=1;  // 释放SDA，回到高阻态，等待从机响应
  69   1        for(i=0;i<8;i++)
  70   1        {
  71   2          I2C_SCL=1;  // SCL上拉，开始读数
  72   2          if(I2C_SDA){ Data|=(0x80>>i);}
  73   2          I2C_SCL=0;  // SCL下拉，从机输出数据
  74   2        }
  75   1        
  76   1        return Data;
  77   1      }
  78          
  79          /**
  80            * @brief 发送数据给从机
  81            * @param Byte 要发送的数据
  82            * @retval 无
  83            */
  84          void I2C_SendByte(unsigned char Byte)
  85          {
  86   1        unsigned char i;
  87   1        for(i=0;i<8;i++)
  88   1        {
  89   2          I2C_SDA=Byte&(0x80>>i);
  90   2          I2C_SCL=1;
  91   2          I2C_SCL=0;
  92   2        }
  93   1      }


MODULE INFORMATION:   STATIC OVERLAYABLE
   CODE SIZE        =    109    ----
   CONSTANT SIZE    =   ----    ----
   XDATA SIZE       =   ----    ----
   PDATA SIZE       =   ----    ----
   DATA SIZE        =   ----    ----
   IDATA SIZE       =   ----    ----
   BIT SIZE         =   ----    ----
END OF MODULE INFORMATION.


C51 COMPILATION COMPLETE.  0 WARNING(S),  0 ERROR(S)
