C51 COMPILER V9.01   DIGITAL_PIPE                                                          07/25/2019 00:14:16 PAGE 1   


C51 COMPILER V9.01, COMPILATION OF MODULE DIGITAL_PIPE
OBJECT MODULE PLACED IN digital_pipe.OBJ
COMPILER INVOKED BY: C:\Keil\C51\BIN\C51.EXE digital_pipe.c BROWSE DEBUG OBJECTEXTEND

line level    source

   1          #include <reg52.h>
   2          #include <intrins.h>
   3          
   4          sbit dig_data = P0^2;
   5          sbit shcp = P0^4;
   6          sbit stcp = P2^3;
   7          
   8          // show segment number
   9          code unsigned char segment[] = {0xc0,0xf9,0xa4,0xb0,0x99,0x92,0x82,0xf8,0x80,0x90}; 
  10          // select segment
  11          code unsigned char select[] = {0xff,0x01,0x02,0x04,0x08,0x10,0x20,0x40,0x80};
  12          
  13          void delay(){
  14   1              unsigned int i,j;
  15   1              for(i=0;i<100;i++){
  16   2                      for(j=0;j<100;j++){}
  17   2              }
  18   1      }
  19          
  20          void digOutput(unsigned char selectByte, unsigned char segmentByte){
  21   1              unsigned char i;
  22   1              shcp = 0;
  23   1              stcp = 0;
  24   1              for (i=0;i<8;i++){
  25   2                      if(segmentByte&0x80){
  26   3                              dig_data = 1;
  27   3                      }else{
  28   3                              dig_data = 0;
  29   3                      }
  30   2                      _nop_();
  31   2                      shcp = 1;
  32   2                      _nop_();
  33   2                      shcp = 0;
  34   2                      _nop_();
  35   2                      segmentByte <<= 1;
  36   2              }
  37   1      
  38   1              // store position to chip
  39   1              for(i=0;i<8;i++){
  40   2                      if(selectByte&0x80){
  41   3                              dig_data = 1;
  42   3                      }else{
  43   3                              dig_data = 0;
  44   3                      }
  45   2                      _nop_();
  46   2                      shcp = 1;
  47   2                      _nop_();
  48   2                      shcp = 0;
  49   2                      _nop_();
  50   2                      selectByte <<= 1;
  51   2              }
  52   1      
  53   1              // output status to pin and lock;
  54   1              stcp = 1;
  55   1              _nop_();
C51 COMPILER V9.01   DIGITAL_PIPE                                                          07/25/2019 00:14:16 PAGE 2   

  56   1              stcp = 0;
  57   1              _nop_();
  58   1              delay();
  59   1      }
  60          
  61          void main(void){
  62   1              while(1){
  63   2                 digOutput(select[8], segment[1]);
  64   2                 digOutput(select[7], segment[2]);
  65   2                 digOutput(select[6], segment[3]);
  66   2                 digOutput(select[5], segment[4]);
  67   2                 digOutput(select[4], segment[5]);
  68   2                 digOutput(select[3], segment[6]);
  69   2                 digOutput(select[2], segment[7]);
  70   2                 digOutput(select[1], segment[8]);
  71   2              }
  72   1      }


MODULE INFORMATION:   STATIC OVERLAYABLE
   CODE SIZE        =    214    ----
   CONSTANT SIZE    =     19    ----
   XDATA SIZE       =   ----    ----
   PDATA SIZE       =   ----    ----
   DATA SIZE        =   ----    ----
   IDATA SIZE       =   ----    ----
   BIT SIZE         =   ----    ----
END OF MODULE INFORMATION.


C51 COMPILATION COMPLETE.  0 WARNING(S),  0 ERROR(S)
