C51 COMPILER V9.01   BUTTON                                                                07/24/2019 23:08:20 PAGE 1   


C51 COMPILER V9.01, COMPILATION OF MODULE BUTTON
OBJECT MODULE PLACED IN button.OBJ
COMPILER INVOKED BY: C:\Keil\C51\BIN\C51.EXE button.c BROWSE DEBUG OBJECTEXTEND

line level    source

   1          # include <reg52.h>
   2          sbit key_left = P1^0;
   3          sbit led = P1^4;
   4          
   5          void main(void){
   6   1              unsigned char keyStep = 0;
   7   1              unsigned short int keyDelay = 0;
   8   1              while(1){
   9   2                       switch(keyStep){
  10   3                              case 0:
  11   3                                      if(!key_left){
  12   4                                              keyDelay = 0;
  13   4                                              keyStep = 1;
  14   4                                      }
  15   3                                      break;
  16   3                              case 1:  // time delay to avoid shake
  17   3                                      if(keyDelay++>1000){
  18   4                                              keyStep = 2;
  19   4                                      }
  20   3                                      break;
  21   3                              case 2: // double check if button pushed
  22   3                                      if (!key_left){
  23   4                                              led=~led;
  24   4                                              keyStep = 3;
  25   4                                      }else{
  26   4                                              keyStep = 0;
  27   4                                      }
  28   3                                      break;
  29   3                              case 3: // after button reset, reset keyStep
  30   3                                      if (key_left){
  31   4                                              keyStep = 0;
  32   4                                      }
  33   3                                      break;
  34   3                              default:
  35   3                                      break;
  36   3                       }
  37   2              }
  38   1      }


MODULE INFORMATION:   STATIC OVERLAYABLE
   CODE SIZE        =     68    ----
   CONSTANT SIZE    =   ----    ----
   XDATA SIZE       =   ----    ----
   PDATA SIZE       =   ----    ----
   DATA SIZE        =   ----    ----
   IDATA SIZE       =   ----    ----
   BIT SIZE         =   ----    ----
END OF MODULE INFORMATION.


C51 COMPILATION COMPLETE.  0 WARNING(S),  0 ERROR(S)
