BL51 BANKED LINKER/LOCATER V6.22                                                        07/30/2019  21:56:18  PAGE 1


BL51 BANKED LINKER/LOCATER V6.22, INVOKED BY:
C:\KEIL\C51\BIN\BL51.EXE STARTUP.obj, LCD1602_drv.obj, main.obj TO drivertest


MEMORY MODEL: SMALL


INPUT MODULES INCLUDED:
  STARTUP.obj (?C_STARTUP)
  LCD1602_drv.obj (LCD1602_DRV)
  main.obj (MAIN)
  C:\KEIL\C51\LIB\C51S.LIB (?C?CLDPTR)


LINK MAP OF MODULE:  drivertest (?C_STARTUP)


            TYPE    BASE      LENGTH    RELOCATION   SEGMENT NAME
            -----------------------------------------------------

            * * * * * * *   D A T A   M E M O R Y   * * * * * * *
            REG     0000H     0008H     ABSOLUTE     "REG BANK 0"
            IDATA   0008H     0001H     UNIT         ?STACK

            * * * * * * *   C O D E   M E M O R Y   * * * * * * *
            CODE    0000H     0003H     ABSOLUTE     
            CODE    0003H     0024H     UNIT         ?PR?_LCD_WRITE_STRING?LCD1602_DRV
            CODE    0027H     0023H     UNIT         ?PR?LCD_INIT?LCD1602_DRV
            CODE    004AH     001DH     UNIT         ?PR?_LCD_WRITE_COM?LCD1602_DRV
            CODE    0067H     001AH     UNIT         ?PR?MAIN?MAIN
            CODE    0081H     0019H     UNIT         ?C?LIB_CODE
            CODE    009AH     0015H     UNIT         ?PR?_DELAYMS?LCD1602_DRV
            CODE    00AFH     0011H     UNIT         ?PR?_LCD_WRITE_DATA?LCD1602_DRV
            CODE    00C0H     0011H     UNIT         ?CO?MAIN
            CODE    00D1H     0010H     UNIT         ?PR?LCD_CHECK_BUSY?LCD1602_DRV
            CODE    00E1H     000CH     UNIT         ?C_C51STARTUP
            CODE    00EDH     000AH     UNIT         ?PR?LCD_CLEAR?LCD1602_DRV
            CODE    00F7H     0003H     UNIT         ?PR?_DELAYUS2X?LCD1602_DRV



OVERLAY MAP OF MODULE:   drivertest (?C_STARTUP)


SEGMENT
  +--> CALLED SEGMENT
---------------------
?C_C51STARTUP
  +--> ?PR?MAIN?MAIN

?PR?MAIN?MAIN
  +--> ?PR?LCD_INIT?LCD1602_DRV
  +--> ?PR?_DELAYMS?LCD1602_DRV
  +--> ?PR?LCD_CLEAR?LCD1602_DRV
  +--> ?CO?MAIN
  +--> ?PR?_LCD_WRITE_STRING?LCD1602_DRV

?PR?LCD_INIT?LCD1602_DRV
BL51 BANKED LINKER/LOCATER V6.22                                                      07/30/2019  21:56:18  PAGE 2


  +--> ?PR?_LCD_WRITE_COM?LCD1602_DRV
  +--> ?PR?_DELAYMS?LCD1602_DRV

?PR?_LCD_WRITE_COM?LCD1602_DRV
  +--> ?PR?_DELAYMS?LCD1602_DRV
  +--> ?PR?LCD_CHECK_BUSY?LCD1602_DRV

?PR?_DELAYMS?LCD1602_DRV
  +--> ?PR?_DELAYUS2X?LCD1602_DRV

?PR?LCD_CLEAR?LCD1602_DRV
  +--> ?PR?_LCD_WRITE_COM?LCD1602_DRV
  +--> ?PR?_DELAYMS?LCD1602_DRV

?PR?_LCD_WRITE_STRING?LCD1602_DRV
  +--> ?PR?_LCD_WRITE_COM?LCD1602_DRV
  +--> ?PR?_LCD_WRITE_DATA?LCD1602_DRV

?PR?_LCD_WRITE_DATA?LCD1602_DRV
  +--> ?PR?LCD_CHECK_BUSY?LCD1602_DRV



SYMBOL TABLE OF MODULE:  drivertest (?C_STARTUP)

  VALUE           TYPE          NAME
  ----------------------------------

  -------         MODULE        ?C_STARTUP
  C:00E1H         SEGMENT       ?C_C51STARTUP
  I:0008H         SEGMENT       ?STACK
  C:0000H         PUBLIC        ?C_STARTUP
  D:00E0H         SYMBOL        ACC
  D:00F0H         SYMBOL        B
  D:0083H         SYMBOL        DPH
  D:0082H         SYMBOL        DPL
  N:0000H         SYMBOL        IBPSTACK
  N:0100H         SYMBOL        IBPSTACKTOP
  N:0080H         SYMBOL        IDATALEN
  C:00E4H         SYMBOL        IDATALOOP
  N:0000H         SYMBOL        PBPSTACK
  N:0100H         SYMBOL        PBPSTACKTOP
  N:0000H         SYMBOL        PDATALEN
  N:0000H         SYMBOL        PDATASTART
  N:0000H         SYMBOL        PPAGE
  N:0000H         SYMBOL        PPAGEENABLE
  D:00A0H         SYMBOL        PPAGE_SFR
  D:0081H         SYMBOL        SP
  C:00E1H         SYMBOL        STARTUP1
  N:0000H         SYMBOL        XBPSTACK
  N:0000H         SYMBOL        XBPSTACKTOP
  N:0000H         SYMBOL        XDATALEN
  N:0000H         SYMBOL        XDATASTART
  C:0000H         LINE#         126
  C:00E1H         LINE#         133
  C:00E3H         LINE#         134
  C:00E4H         LINE#         135
BL51 BANKED LINKER/LOCATER V6.22                                                      07/30/2019  21:56:18  PAGE 3


  C:00E5H         LINE#         136
  C:00E7H         LINE#         185
  C:00EAH         LINE#         196
  -------         ENDMOD        ?C_STARTUP

  -------         MODULE        LCD1602_DRV
  C:0000H         SYMBOL        _ICE_DUMMY_
  D:0080H         PUBLIC        P0
  D:0090H         PUBLIC        P1
  D:00A0H         PUBLIC        P2
  D:00B0H         PUBLIC        P3
  D:00A8H         PUBLIC        IE
  B:00A0H.5       PUBLIC        EN
  D:00B8H         PUBLIC        IP
  C:00D1H         PUBLIC        LCD_Check_Busy
  C:0003H         PUBLIC        _LCD_Write_String
  C:00EDH         PUBLIC        LCD_Clear
  C:00AFH         PUBLIC        _LCD_Write_Data
  B:00A0H.7       PUBLIC        RS
  B:00A0H.6       PUBLIC        RW
  C:009AH         PUBLIC        _DelayMs
  D:0098H         PUBLIC        SCON
  D:0088H         PUBLIC        TCON
  C:0056H         PUBLIC        _LCD_Write_Com
  C:0027H         PUBLIC        LCD_Init
  C:00F7H         PUBLIC        _DelayUs2x
  D:00C8H         PUBLIC        T2CON
  D:00D0H         PUBLIC        PSW
  -------         PROC          _DELAYUS2X
  D:0007H         SYMBOL        delayus
  C:00F7H         LINE#         41
  C:00F7H         LINE#         42
  C:00F7H         LINE#         43
  C:00F9H         LINE#         44
  -------         ENDPROC       _DELAYUS2X
  -------         PROC          _DELAYMS
  D:0006H         SYMBOL        t
  C:009AH         LINE#         54
  C:009CH         LINE#         55
  C:009CH         LINE#         57
  C:00A2H         LINE#         58
  C:00A2H         LINE#         60
  C:00A7H         LINE#         61
  C:00ACH         LINE#         62
  C:00AEH         LINE#         63
  -------         ENDPROC       _DELAYMS
  -------         PROC          LCD_CHECK_BUSY
  C:00D1H         LINE#         73
  C:00D1H         LINE#         74
  C:00D1H         LINE#         76
  C:00D4H         LINE#         77
  C:00D6H         LINE#         78
  C:00D8H         LINE#         79
  C:00DAH         LINE#         80
  C:00DBH         LINE#         81
  C:00DDH         LINE#         82
  C:00E0H         LINE#         83
BL51 BANKED LINKER/LOCATER V6.22                                                      07/30/2019  21:56:18  PAGE 4


  -------         ENDPROC       LCD_CHECK_BUSY
  -------         PROC          L?0022
  -------         ENDPROC       L?0022
  -------         PROC          _LCD_WRITE_COM
  D:0007H         SYMBOL        com
  C:0056H         LINE#         93
  C:0056H         LINE#         94
  C:0056H         LINE#         95
  C:005BH         LINE#         96
  C:005DH         LINE#         97
  C:005FH         LINE#         98
  C:0061H         LINE#         99
  C:0063H         LINE#         100
  C:0064H         LINE#         101
  C:0066H         LINE#         102
  -------         ENDPROC       _LCD_WRITE_COM
  -------         PROC          _LCD_WRITE_DATA
  D:0007H         SYMBOL        Data
  C:00AFH         LINE#         112
  C:00AFH         LINE#         113
  C:00AFH         LINE#         114
  C:00B4H         LINE#         115
  C:00B6H         LINE#         116
  C:00B8H         LINE#         117
  C:00BAH         LINE#         118
  C:00BCH         LINE#         119
  C:00BDH         LINE#         120
  C:00BFH         LINE#         121
  -------         ENDPROC       _LCD_WRITE_DATA
  -------         PROC          LCD_CLEAR
  C:00EDH         LINE#         131
  C:00EDH         LINE#         132
  C:00EDH         LINE#         133
  C:00F2H         LINE#         134
  -------         ENDPROC       LCD_CLEAR
  -------         PROC          _LCD_WRITE_STRING
  D:0006H         SYMBOL        offset
  D:0005H         SYMBOL        lineNum
  D:0001H         SYMBOL        str
  C:0003H         LINE#         147
  C:0005H         LINE#         148
  C:0005H         LINE#         149
  C:0008H         LINE#         150
  C:0008H         LINE#         151
  C:000BH         LINE#         152
  C:000DH         LINE#         154
  C:000DH         LINE#         155
  C:0014H         LINE#         156
  C:0014H         LINE#         157
  C:001AH         LINE#         158
  C:001AH         LINE#         159
  C:001DH         LINE#         160
  C:0024H         LINE#         161
  C:0026H         LINE#         162
  -------         ENDPROC       _LCD_WRITE_STRING
  -------         PROC          LCD_INIT
  C:0027H         LINE#         172
BL51 BANKED LINKER/LOCATER V6.22                                                      07/30/2019  21:56:18  PAGE 5


  C:0027H         LINE#         173
  C:0027H         LINE#         174
  C:0027H         LINE#         175
  C:0027H         LINE#         176
  C:002AH         LINE#         177
  C:002FH         LINE#         178
  C:002FH         LINE#         179
  C:002FH         LINE#         180
  C:0032H         LINE#         181
  C:0037H         LINE#         182
  C:003CH         LINE#         183
  C:0041H         LINE#         184
  C:0045H         LINE#         185
  -------         ENDPROC       LCD_INIT
  -------         ENDMOD        LCD1602_DRV

  -------         MODULE        MAIN
  C:0000H         SYMBOL        _ICE_DUMMY_
  D:0090H         PUBLIC        P1
  D:00B0H         PUBLIC        P3
  D:00A8H         PUBLIC        IE
  D:00B8H         PUBLIC        IP
  C:0067H         PUBLIC        main
  D:0098H         PUBLIC        SCON
  D:0088H         PUBLIC        TCON
  D:00C8H         PUBLIC        T2CON
  D:00D0H         PUBLIC        PSW
  -------         PROC          MAIN
  C:0067H         LINE#         4
  C:0067H         LINE#         5
  C:006AH         LINE#         6
  C:006FH         LINE#         7
  C:0072H         LINE#         9
  C:007FH         LINE#         10
  -------         ENDPROC       MAIN
  -------         ENDMOD        MAIN

  -------         MODULE        ?C?CLDPTR
  C:0081H         PUBLIC        ?C?CLDPTR
  -------         ENDMOD        ?C?CLDPTR

Program Size: data=9.0 xdata=0 code=250
LINK/LOCATE RUN COMPLETE.  0 WARNING(S),  0 ERROR(S)
