C51 COMPILER V9.01   LCD1602_DRV                                                           07/30/2019 21:56:17 PAGE 1   


C51 COMPILER V9.01, COMPILATION OF MODULE LCD1602_DRV
OBJECT MODULE PLACED IN LCD1602_drv.OBJ
COMPILER INVOKED BY: C:\Keil\C51\BIN\C51.EXE LCD1602_drv.c BROWSE DEBUG OBJECTEXTEND

line level    source

   1          /*=======================================================
   2          <<<<<<<<<<<<<<<<<<< Collect By Jack >>>>>>>>>>>>>>>>>>>>
   3          ---------------------------------------------------------
   4          ---------------------------------------------------------
   5                         All right reserved.2019.07
   6          ---------------------------------------------------------
   7           file name: LCD1602_drv.c
   8           desc: driver of LCD1602 display
   9           author: ?
  10          =========================================================
  11          ----------------------------------------------------------------------------------------------------------
             --*/
  12          #include "LCD1602_drv.h"
  13          
  14          sbit RS = P2^7;   //定义液晶控制端口
  15          sbit RW = P2^6;
  16          sbit EN = P2^5;
  17          
  18          #define CHECK_BUSY
  19          
  20          #define RS_CLR RS=0 
  21          #define RS_SET RS=1
  22          
  23          #define RW_CLR RW=0 
  24          #define RW_SET RW=1 
  25          
  26          #define EN_CLR EN=0
  27          #define EN_SET EN=1
  28          
  29          #define DataPort P0
  30          
  31          
  32          /**********************************************
  33          desc:
  34              (2*x + 5) us time delay
  35          params:
  36              delayms: time to delay, the delay time nearly equals         
  37                  to 'delayus * 2 + 5' us
  38          return:
  39              void
  40          **********************************************/
  41          void DelayUs2x(unsigned char delayus)
  42          {   
  43   1          while(--delayus);
  44   1      }
  45          
  46          /**********************************************
  47          desc:
  48              T ms time delay
  49          params:
  50              time to delay
  51          return:
  52              void
  53          **********************************************/
  54          void DelayMs(unsigned char t)
C51 COMPILER V9.01   LCD1602_DRV                                                           07/30/2019 21:56:17 PAGE 2   

  55          {
  56   1           
  57   1          while(t--)
  58   1          {
  59   2               // nearly 1ms delay
  60   2               DelayUs2x(245);
  61   2               DelayUs2x(245);
  62   2          }
  63   1      }
  64          
  65          /**********************************************
  66          desc:
  67              Check if display is busy
  68          params:
  69                  none
  70          return:
  71              void
  72          **********************************************/
  73          bit LCD_Check_Busy(void) 
  74          { 
  75   1          #ifdef CHECK_BUSY
  76   1          DataPort= 0xFF; 
  77   1          RS_CLR; 
  78   1          RW_SET; 
  79   1          EN_CLR; 
  80   1          _nop_(); 
  81   1          EN_SET;
  82   1          return (bit)(DataPort & 0x80);
  83   1      }
  84          
  85          /**********************************************
  86          desc:
  87              Write data to instruction register
  88          params:
  89                  command to write
  90          return:
  91              void
  92          **********************************************/
  93          void LCD_Write_Com(unsigned char com) 
  94          {  
  95   1          while(LCD_Check_Busy()); //wait till device not busy
  96   1          RS_CLR; 
  97   1          RW_CLR; 
  98   1          EN_SET; 
  99   1          DataPort= com; 
 100   1          _nop_(); 
 101   1          EN_CLR;
 102   1      }
 103          
 104          /**********************************************
 105          desc:
 106              Write data to data register
 107          params:
 108                  data to write
 109          return:
 110              void
 111          **********************************************/
 112          void LCD_Write_Data(unsigned char Data) 
 113          { 
 114   1          while(LCD_Check_Busy()); //wait till device not busy
 115   1          RS_SET; 
 116   1          RW_CLR; 
C51 COMPILER V9.01   LCD1602_DRV                                                           07/30/2019 21:56:17 PAGE 3   

 117   1          EN_SET; 
 118   1          DataPort= Data; 
 119   1          _nop_();
 120   1          EN_CLR;
 121   1      }
 122          
 123          /**********************************************
 124          desc:
 125              Clear display
 126          params:
 127                  none
 128          return:
 129              void
 130          **********************************************/
 131          void LCD_Clear(void) 
 132          { 
 133   1          LCD_Write_Com(0x01); 
 134   1          DelayMs(5);
 135   1      }
 136          
 137          /**********************************************
 138          desc:
 139              Write string data to display
 140          params:
 141                  offset, the position offset from the start position
 142                  lineNum, which line to write, 0 to write the first line, other to wirte the second line
 143                  str, content to write
 144          return:
 145              void
 146          **********************************************/
 147          void LCD_Write_String(unsigned char offset, unsigned char lineNum, unsigned char *str)
 148          {     
 149   1          if (lineNum == 0) 
 150   1          {     
 151   2              LCD_Write_Com(0x80 + offset);     //write the first line
 152   2          }
 153   1          else 
 154   1          {      
 155   2              LCD_Write_Com(0xC0 + offset);      //write the second line
 156   2          }    
 157   1          while(*str != '\0') //loop till the string end
 158   1          {
 159   2              LCD_Write_Data( *str);     
 160   2              str ++;
 161   2          }
 162   1      }
 163          
 164          /**********************************************
 165          desc:
 166              Init display
 167          params:
 168                  none
 169          return:
 170              void
 171          **********************************************/
 172          void LCD_Init(void) 
 173          {
 174   1         LCD_Write_Com(0x38);    /*set display mode*/ 
 175   1         DelayMs(5); 
 176   1         LCD_Write_Com(0x38); 
 177   1         DelayMs(5); 
 178   1         LCD_Write_Com(0x38); 
C51 COMPILER V9.01   LCD1602_DRV                                                           07/30/2019 21:56:17 PAGE 4   

 179   1         DelayMs(5); 
 180   1         LCD_Write_Com(0x38);  
 181   1         LCD_Write_Com(0x08);    /*turn off display*/ 
 182   1         LCD_Write_Com(0x01);    /*clear display*/ 
 183   1         LCD_Write_Com(0x06);    /*cursor setting*/ 
 184   1         DelayMs(5); 
 185   1         LCD_Write_Com(0x0C);    /*turn on display and set cursor*/
 186   1      }
*** WARNING C316 IN LINE 186 OF LCD1602_drv.c: unterminated conditionals


MODULE INFORMATION:   STATIC OVERLAYABLE
   CODE SIZE        =    167    ----
   CONSTANT SIZE    =   ----    ----
   XDATA SIZE       =   ----    ----
   PDATA SIZE       =   ----    ----
   DATA SIZE        =   ----    ----
   IDATA SIZE       =   ----    ----
   BIT SIZE         =   ----    ----
END OF MODULE INFORMATION.


C51 COMPILATION COMPLETE.  1 WARNING(S),  0 ERROR(S)
