C51 COMPILER V9.01   KEYBOARD                                                              07/27/2019 17:37:53 PAGE 1   


C51 COMPILER V9.01, COMPILATION OF MODULE KEYBOARD
OBJECT MODULE PLACED IN keyboard.OBJ
COMPILER INVOKED BY: C:\Keil\C51\BIN\C51.EXE keyboard.c BROWSE DEBUG OBJECTEXTEND

line level    source

   1          #include "reg52.h"
   2          #include "dig.h"
   3          #define uchar unsigned char
   4          
   5          uchar key_num;
   6          
   7          // show 12 on the firt and second position
   8          
   9          
  10          void display(uchar val){
  11   1              showNumber(num[val/10], pos[1]);
  12   1              showNumber(num[val%10], pos[0]);
  13   1      }
  14          
  15          void delay(uchar x)
  16          {
  17   1              uchar i,j;
  18   1              for(i = x;i > 0;i--)
  19   1                      for(j = 100;j > 0;j--);
  20   1      }
  21          
  22          void getKeyNum(){
  23   1               uchar out;
  24   1               // first row check
  25   1               P1 = 0xfe;
  26   1               out = P1;
  27   1               switch(out){
  28   2                      case 0xee:
  29   2                              key_num = 7;
  30   2                              break;
  31   2                      case 0xde:
  32   2                              key_num = 8;
  33   2                              break;
  34   2                      case 0xbe:
  35   2                              key_num = 9;
  36   2                              break;
  37   2                      case 0x7e:
  38   2                              key_num = 15;
  39   2                              break;
  40   2               }
  41   1      
  42   1               // second row check
  43   1               P1 = 0xfd;
  44   1               out = P1;
  45   1               switch(out){
  46   2                      case 0xed:
  47   2                              key_num = 4;
  48   2                              break;
  49   2                      case 0xdd:
  50   2                              key_num = 5;
  51   2                              break;
  52   2                      case 0xbd:
  53   2                              key_num = 6;
  54   2                              break;
  55   2                      case 0x7d:
C51 COMPILER V9.01   KEYBOARD                                                              07/27/2019 17:37:53 PAGE 2   

  56   2                              key_num = 14;
  57   2                              break;
  58   2               }
  59   1      
  60   1               // thirdrst row check
  61   1               P1 = 0xfb;
  62   1               out = P1;
  63   1               switch(out){
  64   2                      case 0xeb:
  65   2                              key_num = 1;
  66   2                              break;
  67   2                      case 0xdb:
  68   2                              key_num = 2;
  69   2                              break;
  70   2                      case 0xbb:
  71   2                              key_num = 3;
  72   2                              break;
  73   2                      case 0x7b:
  74   2                              key_num = 13;
  75   2                              break;
  76   2               }
  77   1      
  78   1               // fourth row check
  79   1               P1 = 0xf7;
  80   1               out = P1;
  81   1               switch(out){
  82   2                      case 0xe7:
  83   2                              key_num = 0;
  84   2                              break;
  85   2                      case 0xd7:
  86   2                              key_num = 10;
  87   2                              break;
  88   2                      case 0xb7:
  89   2                              key_num = 11;
  90   2                              break;
  91   2                      case 0x77:
  92   2                              key_num = 12;
  93   2                              break;
  94   2               }
  95   1      }
  96          void main(void){
  97   1              uchar tmp;
  98   1              display(0);
  99   1      
 100   1              while(1){
 101   2                      P1 = 0xf0;
 102   2                      tmp = P1;               
 103   2                      if ((tmp&0xf0) != 0xf0){
 104   3                        // delay to avoid hand shake
 105   3                              delay(10);
 106   3                              P1 = 0xf0;
 107   3                              tmp = P1;               
 108   3                              if ((tmp&0xf0) != 0xf0){
 109   4                                      getKeyNum();
 110   4                              }
 111   3      
 112   3                              while(tmp!=0xf0){
 113   4                                       tmp = P1;
 114   4                                       tmp = tmp&0xf0;
 115   4                                       display(key_num);
 116   4                              }
 117   3                      }
C51 COMPILER V9.01   KEYBOARD                                                              07/27/2019 17:37:53 PAGE 3   

 118   2      
 119   2                      display(key_num);
 120   2              }
 121   1      }


MODULE INFORMATION:   STATIC OVERLAYABLE
   CODE SIZE        =    283    ----
   CONSTANT SIZE    =   ----    ----
   XDATA SIZE       =   ----    ----
   PDATA SIZE       =   ----    ----
   DATA SIZE        =      1       3
   IDATA SIZE       =   ----    ----
   BIT SIZE         =   ----    ----
END OF MODULE INFORMATION.


C51 COMPILATION COMPLETE.  0 WARNING(S),  0 ERROR(S)
