C51 COMPILER V9.01   SHOW_ALL                                                              07/26/2019 20:48:50 PAGE 1   


C51 COMPILER V9.01, COMPILATION OF MODULE SHOW_ALL
OBJECT MODULE PLACED IN show_all.OBJ
COMPILER INVOKED BY: C:\Keil\C51\BIN\C51.EXE show_all.c BROWSE DEBUG OBJECTEXTEND

line level    source

   1          /**
   2          * In this sample, I will loop and show 1-8 in all pipes the same time
   3          */
   4          #include "reg52.h"
   5          #include "intrins.h"
   6          
   7          sbit dig_data = P0^2;
   8          sbit shcp = P0^4;
   9          sbit stcp = P2^3;
  10          
  11          // the common port of pipes is Vcc
  12          code unsigned char position[] = {0x01, 0x02, 0x04, 0x08, 0x10, 0x20, 0x40, 0x80};
  13          code unsigned char num[] = {0xc0, 0xf9, 0xa4, 0xb0, 0x99, 0x92, 0x82, 0xf8, 0x80, 0x98, 0xc0};
  14          
  15          void showNumber(unsigned char num, unsigned char pos){
  16   1              unsigned short i;
  17   1              shcp=0;
  18   1              stcp=0;
  19   1              for(i=0;i<8;i++){
  20   2                      dig_data = num&0x80;
  21   2                      _nop_();
  22   2                      shcp = 1;
  23   2                      _nop_();
  24   2                      shcp = 0;
  25   2                      num <<= 1;
  26   2              }
  27   1      
  28   1              for(i=0;i<8;i++){
  29   2                      dig_data = pos&0x80;
  30   2                      _nop_();
  31   2                      shcp = 1;
  32   2                      _nop_();
  33   2                      shcp = 0;
  34   2                      pos <<= 1;
  35   2              }
  36   1              stcp = 1;
  37   1              _nop_();
  38   1      }
  39          
  40          void main(void){
  41   1              unsigned char i;
  42   1              
  43   1              for(i=0;i<8;i++){
  44   2                      showNumber(num[i], position[i]);
  45   2              }
  46   1      
  47   1      }


MODULE INFORMATION:   STATIC OVERLAYABLE
   CODE SIZE        =     86    ----
   CONSTANT SIZE    =     19    ----
   XDATA SIZE       =   ----    ----
   PDATA SIZE       =   ----    ----
   DATA SIZE        =   ----    ----
C51 COMPILER V9.01   SHOW_ALL                                                              07/26/2019 20:48:50 PAGE 2   

   IDATA SIZE       =   ----    ----
   BIT SIZE         =   ----    ----
END OF MODULE INFORMATION.


C51 COMPILATION COMPLETE.  0 WARNING(S),  0 ERROR(S)
